border_size=1
usage=map

Xu          , Xu          , Xu          , Xu          , Xu          , Xu          , Xu          , Xu          , Xu          , Xu          , Xu          , Xu          , Xu          , Xu          , Xu          , Xu          , Xu          , Xu          , Xu          , Xu          , Xu          , Xu          , Xu          , Xu          , Xu          , Xu          , Xu          , Xu          , Xu          , Xu          , Xu          , Xu          , Xu          , Xu          , Xu          , Xu          , Xu          , Xu          , Xu          , Xu          , Xu          , Xu          , Xu          , Xu          , Xu          , Xu          , Xu          
Xu          , Xu          , Xu          , Xu          , Xu          , Xu          , Xu          , Xu          , Xu          , Xu          , Xu          , Xu          , Xu          , Xu          , Xu          , Xu          , Xu          , Xu          , Xu          , Xu          , Xu          , Xu          , Xu          , Xu          , Xu          , Xu          , Xu          , Xu          , Xu          , Xu          , Xu          , Xu          , Xu          , Xu          , Xu          , Xu          , Xu          , Xu          , Xu          , Xu          , Xu          , Xu          , Xu          , Xu          , Xu          , Xu          , Xu          
Xu          , Xu          , Wwf         , Wwf         , Wwf         , Xu          , Gg          , Xu          , Xu          , Xu          , Xu          , Xu          , Xu          , Xu          , Xu          , Xu          , Xu          , Xu          , Xu          , Xu          , Xu          , Xu          , Xu          , Xu          , Xu          , Xu          , Xu          , Xu          , Xu          , Xu          , Xu          , Xu          , Xu          , Xu          , Xu          , Xu          , Xu          , Xu          , Xu          , Xu          , Rd          , Xu          , Wwf         , Wwf         , Wwf         , Xu          , Xu          
Xu          , Wwf         , Wwf         , Wwf         , Wwf         , Wwf         , Gg          , Gg          , Gg          , Xu          , Xu          , Xu          , Xu          , Xu          , Xu          , Xu          , 1 Xu        , Xu          , Xu          , Xu          , Xu          , Xu          , Xu          , Xu          , Xu          , Xu          , Xu          , Xu          , Xu          , Xu          , 2 Xu        , Xu          , Xu          , Xu          , Xu          , Xu          , Xu          , Xu          , Rd          , Rd          , Wwf         , Wwf         , Wwf         , Wwf         , Wwf         , Wwf         , Xu          
Xu          , Wwf         , Wwf         , Wwf         , Wwf         , Wwf         , Wwf         , Gg          , Hh^Fp       , Gg          , Gg          , Xu          , Xu          , Xu          , Xu          , Xu          , Xu          , Xu          , Xu          , Xu          , Xu          , Xu          , Xu          , Xu          , Xu          , Xu          , Xu          , Xu          , Xu          , Xu          , Xu          , Xu          , Xu          , Xu          , Xu          , Xu          , Rd          , Rd          , Wwf         , Wwf         , Gs^Fp       , Wwf         , Wwf         , Wwf         , Wwf         , Wwf         , Xu          
Xu          , Wwf         , Wwf         , Wwf         , Wwf         , Wwf         , Gg          , Wwf         , Wwf         , Hh^Fp       , Hh^Fp       , Gg          , Gg          , Xu          , Xu          , Xu          , Xu          , Xu          , Aa          , Xu          , Xu          , Xu          , Hh          , Mm          , Mm          , Xu          , Xu          , Xu          , Mm          , Xu          , Xu          , Xu          , Xu          , Xu          , Uu          , Uh          , Rd          , Wwf         , Gs^Fp       , Gs^Fp       , Gs^Fp       , Wwf         , Wwf         , Wwf         , Wwf         , Wwf         , Xu          
Xu          , Xu          , Gg          , Wwf         , Wwf         , Hh          , Gg          , Gs^Fp       , Hh          , Wwf         , Wwf         , Gg          , Hh^Fp       , Gg          , Gg          , Xu          , Aa          , Aa          , Gg          , Aa          , Aa          , Aa          , Hh          , Hh          , Mm          , Mm          , Mm          , Mm          , Mm          , Mm          , Mm          , Xu          , Uh          , Uu^Uf       , Uu^Uf       , Uu          , Rd          , Wwf         , Gs^Fp       , Gs^Fp       , Gs^Fp       , Gs^Fp       , Wwf         , Wwf         , Uu          , Xu          , Xu          
Xu          , Xu          , Gg          , Wwr         , Ss          , Wwf         , Wwf         , Gs^Fp       , Hh          , Gg          , Gs^Fp       , Wwf         , Wwf         , Hh^Fp       , Gg          , Gg          , Gg          , Gg          , Wwf         , Gg          , Gs^Fp       , Gg          , Gg          , Hh          , Hh          , Mm          , Mm          , Mm          , Mm          , Hh          , Hh          , Hh          , Gg          , Uu          , Uh          , Uu^Uf       , Wwf         , Wwf         , Wwf         , Gs^Fp       , Wwf         , Wwf         , Uu          , Uu          , Uh          , Xu          , Xu          
Xu          , Xu          , Gg          , Wwr         , Ss          , Gg          , Gg          , Wwf         , Wwf         , Gg          , Gs^Fp       , Hh          , Gg          , Wwf         , Wwf         , Mm          , Wwf         , Wwf         , Gg          , Wwf         , Wwf         , Gs^Fp       , Gs^Fp       , Gg          , Gg          , Hh          , Mm          , Mm          , Hh          , Hh          , Gg          , Gg          , Gg          , Gg          , Wwf         , Wwf         , Gg          , Gs^Ft       , Ds          , Wwf         , Gg          , Wwf         , Uu          , Uh          , Uh          , Xu          , Xu          
Xu          , Xu          , Gg          , Wwr         , Ss          , Gg          , Gg          , Gg          , Gs^Fp       , Wwf         , Wwf         , Hh          , Gg          , Gs^Fp       , Wwf         , Wwf         , Gg          , Ss          , Ss          , Gg          , Gg          , Wwf         , Wwf         , Mm          , Gg          , Hh          , Wwf         , Mm          , Hh          , Gg          , Gg          , Gg          , Wwf         , Wwf         , Gg          , Wwf         , Ds          , Ds          , Gs^Ft       , Ds          , Ds          , Wwf         , Uh          , Uu          , Uu          , Xu          , Xu          
Xu          , Xu          , Gg          , Wwr         , Wwr         , Ss          , Ss          , Gg          , Gg          , Gs^Fp       , Gs^Fp       , Wwf         , Wwf         , Wwf         , Gs^Fp       , Gs^Fp       , Gg          , Hh          , Hh          , Ss          , Ss          , Gg          , Gg          , Wwf         , Wwf         , Wwf         , Mm          , Wwf         , Wwf         , Gg          , Wwf         , Wwf         , Hh          , Gg          , Gg          , Wwf         , Wwf         , Gg          , Gs^Ft       , Gg          , Wwf         , Wwf         , Uh          , Uu          , Uh          , Xu          , Xu          
Xu          , Xu          , Xu          , Gg          , Gg          , Wwr         , Wwr         , Ss          , Ss          , Gg          , Gg          , Gs^Fp       , Hh          , Wwf         , Gg          , Gg          , Mm          , Gg          , Gg          , Hh          , Hh          , Ss          , Gg          , Wwf         , Gg          , Hh          , Mm          , Hh          , Wwf         , Wwf         , Gs^Ft       , Mm          , Mm          , Hh          , Hh          , Wwf         , Aa          , Wwf         , Wwf         , Wwf         , Wwf         , Uu          , Uu          , Uu          , Xu          , Xu          , Xu          
Xu          , Xu          , Ch          , Xu          , Xu          , Gg          , Gg          , Wwr         , Wwr         , Ss          , Aa          , Gg          , Hh          , Wwf         , Gg          , Uu^Uf       , Uu^Uf       , Mm          , Mm          , Gg          , Gg          , Ss          , Gg          , Wwf         , Gs^Ft       , Hh          , Mm          , Hh          , Wwf         , Gs^Ft       , Gs^Ft       , Hh          , Hh          , Mm          , Mm          , Wwf         , Gg          , Aa          , Aa          , Aa          , Wwf         , Uu          , Xu          , Xu          , Xu          , Xu          , Xu          
Xu          , Xu          , Xu          , Xu          , Ch          , Xu          , Wwf         , Gg          , Uu          , Wwr         , Aa          , Gg          , Mm          , Wwf         , Ww          , Gg          , Gg          , Uu^Uf       , Gg          , Gg          , Gg          , Gg          , Aa          , Wwf         , Gg          , Mm          , Hh          , Ch          , Ch          , Wwf         , Wwf         , Gg          , Gg          , Hh          , Wwf         , Wwf         , Gs^Fp       , Gg          , Aa          , Aa          , Wwf         , Xu          , Xu          , Xu          , Xu          , Xu          , Xu          
Xu          , Xu          , Ch          , Xu          , Xu          , Xu          , Wwf         , Gg          , Uu          , Ww          , Aa          , Gg          , Gg          , Wwf         , Gs^Fp       , Ww          , Ww          , Gg          , Gg          , Gg          , Wwf         , Wwf         , Aa          , Wwf         , Gg          , Mm          , Hh          , Gg          , Gg          , Gg          , Wwf         , Gg          , Wwf         , Wwf         , Gs^Fp       , Gg          , Gs^Fp       , Gg          , Gg          , Gg          , Wwf         , Xu          , Xu          , Xu          , Xu          , Xu          , Xu          
Xu          , Xu          , Xu          , Xu          , Ch          , Xu          , Wwf         , Gg          , Uu          , Ww          , Ds          , Ds          , Ds          , Wwf         , Gs^Fp       , Gg          , Gg          , Ww          , Wwr         , Aa          , Aa          , Wwf         , Gg          , Wwf         , Gs^Ft       , Hh          , Gg          , Gg          , Wwf         , Wwf         , Ww          , Wwf         , Gs^Fp       , Gs^Fp       , Gs^Fp       , Gs^Fp       , Gg          , Gg          , Hh          , Hh          , Wwf         , Xu          , Xu          , Xu          , Xu          , Xu          , Xu          
Xu          , Xu          , Ch          , Xu          , Xu          , Xu          , Wwf         , Gg          , Uu          , Ww          , Ww          , Gg          , Gg          , Wwf         , Gs^Fp       , Gs^Fp       , Wwf         , Uu          , Uu          , Wwr         , Wwf         , Gs^Fp       , Gs^Fp       , Wwf         , Gg          , Gs^Ft       , Wwf         , Wwf         , Ww          , Ww          , Ww          , Wwf         , Gg          , Gs^Fp       , Gg          , Gg          , Hh          , Hh          , Ss          , Ss          , Wwf         , Xu          , Xu          , Xu          , Xu          , Xu          , Xu          
Xu          , Xu          , Xu          , Xu          , Ch          , Xu          , Wwf         , Gg          , Wwf         , Uu          , Uu          , Ww          , Wwf         , Wwf         , Uh          , Mm          , Wwf         , Uu          , Gg          , Gg          , Ch          , Wwf         , Wwf         , Wwf         , Wwf         , Wwf         , Wwf         , Gg          , Ch          , Ww          , Ww          , Wwf         , Gg          , Gg          , Hh          , Hh          , Ss          , Ss          , Wwr         , Wwr         , Wwf         , Xu          , Xu          , Xu          , Xu          , Xu          , Xu          
Xu          , Xu          , Ch          , Xu          , Xu          , Xu          , Wwf         , Gg          , Hh^Fp       , Wwf         , Uu          , Wwf         , Chw         , Uu          , Uu          , Wwf         , Gg          , Wwf         , Wwf         , Ch          , Ch          , Ch          , Wwf         , Ds          , Wwf         , Gs^Ft       , Wwf         , Gg          , Ch          , Ch          , Gg          , Wwf         , Hh          , Hh          , Ss          , Ss          , Wwr         , Wwr         , Hh          , Hh          , Wwf         , Xu          , Xu          , Xu          , Xu          , Xu          , Xu          
Xu          , Xu          , Xu          , Xu          , Ch          , Xu          , Wwf         , Gg          , Hh^Fp       , Wwf         , Uu          , Wwf         , Chw         , Uh          , Gg          , Gg          , Ds          , Ch          , Ch          , Wwf         , Gg          , Gg          , Hh          , Wwf         , Hh          , Gs^Ft       , Gs^Ft       , Wwf         , Gg          , Wwf         , Gg          , Wwf         , Ss          , Ss          , Wwr         , Wwr         , Hh          , Hh          , Ch          , Ch          , Wwf         , Xu          , Xu          , Xu          , Xu          , Xu          , Xu          
Xu          , Xu          , Ch          , Xu          , Xu          , Xu          , Wwf         , Gg          , Hh^Fp       , Wwf         , Wwf         , Wwf         , Chw         , Wwf         , Wwf         , Ch          , Ch          , Ds          , Gg          , Wwf         , Wwf         , Hh          , Mm          , Wwf         , Mm          , Hh          , Wwf         , Wwf         , Gg          , Wwf         , Gg          , Wwf         , Wwr         , Wwr         , Hh          , Hh          , Ch          , Ch          , Gg          , Gg          , Wwf         , Xu          , Xu          , Xu          , Xu          , Xu          , Xu          
Xu          , Xu          , Xu          , Xu          , Ch          , Xu          , Wwf         , Gg          , Hh^Fp       , Hh^Fp       , Gg          , Wwf         , Chw         , Uu          , Uu          , Wwf         , Gg          , Gg          , Hh          , Hh          , Wwf         , Gg          , Hh^Fp       , Wwf         , Hh^Fp       , Gg          , Wwf         , Hh          , Hh          , Gg          , Gg          , Wwf         , Hh          , Hh          , Ch          , Ch          , Gg          , Gg          , Gg          , Gg          , Wwf         , Xu          , Xu          , Xu          , Xu          , Xu          , Xu          
Xu          , Xu          , Ch          , Xu          , Xu          , Xu          , Wwf         , Gg          , Gg          , Gg          , Wwf         , Wwf         , Chw         , Gg          , Hh          , Wwf         , Wwf         , Wwf         , Wwf         , Mm          , Hh          , Wwf         , Wwf         , Wwf         , Wwf         , Wwf         , Hh          , Mm          , Wwf         , Wwf         , Wwf         , Wwf         , Ch          , Ch          , Gg          , Gg          , Wwf         , Gg          , Gg          , Gg          , Wwf         , Xu          , Xu          , Xu          , Xu          , Xu          , Xu          
Xu          , Xu          , Xu          , 9 Xu        , Ch          , Xu          , Wwf         , Wwf         , Wwf         , Wwf         , Ds          , Wwf         , Wwf         , Uu^Uf       , Wwf         , Wwf         , Gg          , Hh^Fp       , Gg          , Wwf         , Wwf         , Uu^Uf       , Wwf         , Wwf         , Wwf         , Uu^Uf       , Wwf         , Wwf         , Gg          , Hh^Fp       , Gg          , Wwf         , Wwf         , Gg          , Wwf         , Wwf         , Ds          , Wwf         , Wwf         , Wwf         , Wwf         , Xu          , Xu          , Xu          , Xu          , Xu          , Xu          
Xu          , Xu          , Ch          , Xu          , Xu          , Xu          , Wwf         , Wwf         , Wwf         , Wwf         , Ds          , Ds          , Wwf         , Wwf         , Wwf         , Hh^Fp       , Gg          , Hh^Fp       , Gg          , Ww          , Wwf         , Wwf         , Wwf         , Khw         , Wwf         , Wwf         , Wwf         , Ww          , Gg          , Hh^Fp       , Gg          , Hh^Fp       , Wwf         , Wwf         , Wwf         , Ds          , Ds          , Wwf         , Wwf         , Wwf         , Wwf         , Xu          , Xu          , Xu          , Xu          , Xu          , Xu          
Xu          , Xu          , Xu          , Xu          , Ch          , Xu          , Wwf         , Wwf         , Gg          , Wwf         , Wwf         , Wwf         , Gs^Fp       , Gs^Fp       , Wwf         , Wwf         , Wwf         , Hh^Fp       , Wwf         , Wwf         , Hh          , Uu^Uf       , Wwf         , Wwf         , Wwf         , Uu^Uf       , Hh          , Wwf         , Wwf         , Hh^Fp       , Wwf         , Wwf         , Wwf         , Hh          , Gg          , Wwf         , Wwf         , Wwf         , Gg          , Wwf         , Wwf         , Xu          , Xu          , Xu          , Xu          , Xu          , Xu          
Xu          , Xu          , Ch          , Xu          , Xu          , Xu          , Wwf         , Gg          , Gg          , Gg          , Gs^Fp       , Gs^Fp       , Wwf         , Wwf         , Gg          , Gg          , Gg          , Wwf         , Hh          , Mm          , Wwf         , Wwf         , Hh^Fp       , Wwf         , Hh^Fp       , Wwf         , Gg          , Mm          , Hh          , Wwf         , Gg          , Gg          , Wwf         , Hh          , Gs^Fp       , Gg          , Wwf         , Gg          , Gg          , Gg          , Wwf         , Xu          , Xu          , Xu          , Xu          , Xu          , Xu          
Xu          , Xu          , Xu          , Xu          , Ch          , Xu          , Wwf         , Gg          , Gs^Fp       , Gs^Fp       , Wwf         , Wwf         , Gg          , Gg          , Ss          , Gg          , Gg          , Chw         , Gg          , Hh          , Wwf         , Gg          , Mm          , Wwf         , Mm          , Wwf         , Wwf         , Hh          , Gg          , Gg          , Uu^Uf       , Gg          , Wwf         , Hh          , Gs^Fp       , Gg          , Wwf         , Gg          , Gg          , Gg          , Wwf         , Xu          , Xu          , Xu          , Xu          , Xu          , Xu          
Xu          , Xu          , Ch          , Xu          , Xu          , Xu          , Wwf         , Gs^Fp       , Gg          , Gg          , Wwf         , Gg          , Ss          , Ss          , Ww          , Wwf         , Wwf         , Chw         , Gg          , Gg          , Wwf         , Hh          , Hh          , Wwf         , Hh          , Hh          , Ww          , Wwf         , Wwf         , Gg          , Uu          , Uu          , Wwf         , Hh          , Hh          , Gs^Fp       , Gs^Fp       , Wwf         , Wwf         , Gg          , Wwf         , Xu          , Xu          , Xu          , Xu          , Xu          , Xu          
Xu          , Xu          , Xu          , Xu          , Ch          , Xu          , Wwf         , Gg          , Gs^Fp       , Gg          , Gg          , Wwf         , Wwf         , Ww          , Gg          , Gg          , Chw         , Wwf         , Wwf         , Wwf         , Gg          , Gg          , Wwf         , Wwf         , Wwf         , Gg          , Ww          , Hh          , Mm          , Wwf         , Wwf         , Wwf         , Gs^Fp       , Wwf         , Wwf         , Hh          , Gs^Fp       , Gg          , Gg          , Wwf         , Wwf         , Xu          , Xu          , Xu          , Xu          , Xu          , Xu          
Xu          , Xu          , Ch          , Xu          , Xu          , Xu          , Wwf         , Gg          , Gs^Fp       , Gs^Fp       , Gs^Fp       , Gg          , Wwf         , Gg          , Chw         , Chw         , Gg          , Aa          , Wwf         , Ch          , Gg          , Aa          , Wwf         , Ds          , Wwf         , Gg          , Ww          , Hh          , Hh          , Uu^Uf       , Wwf         , Gg          , Gs^Fp       , Gg          , Gg          , Wwf         , Ch          , Gs^Fp       , Gs^Fp       , Gg          , Wwf         , Xu          , Xu          , Xu          , Xu          , Xu          , Xu          
Xu          , Xu          , Xu          , Xu          , Ch          , Xu          , Wwf         , Gg          , Gs^Fp       , Ss          , Gs^Fp       , Gg          , Wwf         , Chw         , Gg          , Gg          , Aa          , Aa          , Wwf         , Ch          , Wwf         , Aa          , Gg          , Wwf         , Gg          , Wwf         , Wwf         , Ds          , Ds          , Hh          , Wwf         , Gg          , Ds          , Gg          , Gg          , Wwf         , Gg          , Ch          , Ch          , Gg          , Wwf         , Xu          , Xu          , Xu          , Xu          , Xu          , Xu          
Xu          , Xu          , Ch          , Xu          , Xu          , Xu          , Wwf         , Gg          , Gs^Fp       , Gs^Fp       , Gg          , Gg          , Wwf         , Ds          , Ds          , Aa          , Wwf         , Ss          , Ch          , Ch          , Wwf         , Aa          , Gg          , Wwf         , Wwf         , Gg          , Gg          , Wwf         , Wwf         , Ds          , Ds          , Ds          , Wwf         , Wwf         , Wwf         , Wwf         , Gg          , Gs^Fp       , Hh          , Ch          , Wwf         , Xu          , Xu          , Xu          , Xu          , Xu          , Xu          
Xu          , Xu          , Xu          , Xu          , Ch          , Xu          , Wwf         , Gg          , Gg          , Gg          , Ch          , Ch          , Wwf         , Ds          , Ds          , Wwf         , Ss          , Ss          , Ch          , Gg          , Wwf         , Gg          , Aa          , Wwf         , Ch          , Wwf         , Gg          , Uu          , Uu          , Wwf         , Wwf         , Wwf         , Wwf         , Gs^Fp       , Gs^Fp       , Wwf         , Wwf         , Gs^Fp       , Hh          , Ch          , Wwf         , Xu          , Xu          , Xu          , Xu          , Xu          , Xu          
Xu          , Xu          , Ch          , Xu          , Xu          , Xu          , Wwf         , Gg          , Ch          , Ch          , Aa          , Aa          , Wwf         , Hh^Fp       , Wwf         , Wwf         , Ds          , Ss          , Ch          , Gg          , Wwf         , Aa          , Aa          , Wwf         , Ch          , Wwf         , Wwf         , Uu          , Ww          , Ww          , Wwf         , Gg          , Gg          , Wwf         , Gg          , Gs^Fp       , Gs^Fp       , Wwf         , Hh          , Ch          , Wwf         , Xu          , Xu          , Xu          , Xu          , Xu          , Xu          
Xu          , Xu          , Xu          , Xu          , Ch          , Xu          , Wwf         , Gg          , Ch          , Aa          , Wwf         , Wwf         , Uu^Uf       , Gg          , Wwf         , Ds          , Ds          , Ds          , Wwf         , Gg          , Gg          , Gg          , Wwf         , Wwf         , Ch          , Gg          , Gg          , Wwf         , Ww          , Ww          , Wwf         , Gg          , Gg          , Wwf         , Wwf         , Gg          , Gg          , Wwf         , Hh          , Ch          , Wwf         , Xu          , Xu          , Xu          , Xu          , Xu          , Xu          
Xu          , Xu          , Ch          , Xu          , Xu          , Xu          , Wwf         , Gg          , Ch          , Wwf         , Gs^Fp       , Uu          , Wwf         , Wwf         , Gg          , Gg          , Wwf         , Wwf         , Hh          , Wwf         , Wwf         , Wwf         , Hh          , Wwf         , Gg          , Ch          , Wwf         , Wwf         , Mm          , Gg          , Wwf         , Wwf         , Gs^Fp       , Wwf         , Aa          , Aa          , Aa          , Wwf         , Hh          , Ch          , Wwf         , Xu          , Xu          , Xu          , Xu          , Xu          , Xu          
Xu          , Xu          , Xu          , Xu          , Wwf         , Wwf         , Gg          , Gg          , Ch          , Wwf         , Gs^Fp       , Uh          , Wwf         , Uh          , Gg          , Hh^Fp       , Wwf         , Hh          , Mm          , Hh          , Gg          , Gg          , Gg          , Wwf         , Gg          , Ch          , Wwf         , Mm          , Wwf         , Wwf         , Gg          , Ss          , Ss          , Gs^Fp       , Gs^Fp       , Aa          , Aa          , Wwf         , Hh          , Ch          , Wwf         , Gg          , Uu          , Xu          , Xu          , Xu          , Xu          
Xu          , Xu          , Wwf         , Wwf         , Gg          , Gg          , Ch          , Ch          , Gg          , Wwf         , Uh          , Uu          , Uh          , Uu          , Wwf         , Mm          , Wwf         , Hh^Fp       , Wwf         , Wwf         , Wwf         , Wwf         , Gs^Fp       , Wwf         , Gg          , Ch          , Wwf         , Mm          , Wwf         , Wwf         , Wwf         , Gg          , Wwf         , Ss          , Ss          , Gs^Fp       , Wwf         , Wwf         , Wwf         , Ch          , Wwf         , Gg          , Gg          , Uu^Uf       , Uh          , Xu          , Xu          
Xu          , Xu          , Wwf         , Gg          , Ch          , Ch          , Gg          , Gg          , Gs^Fp       , Wwf         , Wwf         , Uu^Uf       , Wwf         , Wwf         , Hh          , Wwf         , Hh^Fp       , Hh^Fp       , Gs^Fp       , Gs^Fp       , Gs^Fp       , Gs^Fp       , Gs^Fp       , Wwf         , Gg          , Ch          , Ch          , Gg          , Wwf         , Gg          , Gg          , Wwf         , Wwf         , Aa          , Wwf         , Wwf         , Gg          , Gg          , Hh^Fp       , Wwf         , Wwf         , Uh          , Gg          , Uh          , Uh          , Xu          , Xu          
Xu          , Xu          , Wwf         , Gg          , Gg          , Gg          , Hh^Fp       , Gs^Fp       , Wwf         , Wwf         , Gs^Fp       , Wwf         , Gg          , Gg          , Gg          , Hh          , Gg          , Gg          , Wwf         , Wwf         , Wwf         , Gs^Fp       , Gs^Fp       , Wwf         , Gg          , Gg          , Gg          , Ch          , Wwf         , Gg          , Gg          , Gg          , Wwf         , Aa          , Wwf         , Gg          , Mm          , Mm          , Wwf         , Wwf         , Gs^Fp       , Wwf         , Wwf         , Gg          , Uu          , Xu          , Xu          
Xu          , Xu          , Wwf         , Gg          , Gs^Fp       , Gs^Fp       , Hh^Fp       , Wwf         , Gs^Fp       , Gs^Fp       , Wwf         , Wwf         , Gg          , Gg          , Wwf         , Gg          , Gg          , Wwf         , Aa          , Aa          , Aa          , Wwf         , Wwf         , Wwf         , Wwf         , Gg          , Wwf         , Wwf         , Aa          , Wwf         , Wwf         , Gg          , Gg          , Aa          , Wwf         , Gg          , Mm          , Hh^Fp       , Wwf         , Gg          , Gg          , Gs^Fp       , Gs^Fp       , Wwf         , Wwf         , Xu          , Xu          
Xu          , Xu          , Wwf         , Gg          , Gs^Fp       , Gs^Fp       , Wwf         , Wwf         , Wwf         , Wwf         , Gs^Fp       , Gs^Fp       , Ch          , Gg          , Wwf         , Gg          , Xu          , Aa          , Aa          , Aa          , Xu          , Aa          , Wo          , Wwf         , Wo          , Wwf         , Xu          , Aa          , Aa          , Aa          , Xu          , Wwf         , Wwf         , Gg          , Wwf         , Mm          , Hh^Fp       , Gg          , Wwf         , Gg          , Gs^Fp       , Gs^Fp       , Gg          , Gg          , Wwf         , Xu          , Xu          
Xu          , Xu          , Wwf         , Wwf         , Wwf         , Wwf         , Gs^Fp       , Gs^Fp       , Gs^Fp       , Hh^Fp       , Ch          , Ch          , Wwf         , Wwf         , Xu          , Xu          , Xu          , Xu          , Xu          , Xu          , Xu          , Xu          , Xu          , Wo          , Xu          , Xu          , Xu          , Xu          , Xu          , Xu          , Xu          , Xu          , Xu          , Wwf         , Wwf         , Hh^Fp       , Gg          , Gg          , Wwf         , Gs^Fp       , Gs^Fp       , Gg          , Wwf         , Wwf         , Wwf         , Xu          , Xu          
Xu          , Wwf         , Wwf         , Wwf         , Wwf         , Wwf         , Ch          , Gs^Fp       , Ch          , Ch          , Wwf         , Wwf         , Xu          , Xu          , Xu          , Xu          , Xu          , Xu          , Xu          , Xu          , Xu          , Xu          , Xu          , Xu          , Xu          , Xu          , Xu          , Xu          , Xu          , Xu          , Xu          , Xu          , Xu          , Xu          , Xu          , Wwf         , 7 Wwf       , Wwf         , Gg          , Gs^Fp       , Gg          , Wwf         , Wwf         , Wwf         , Wwf         , Wwf         , Xu          
Xu          , Wwf         , Wwf         , Wwf         , Wwf         , Wwf         , Gg          , Ch          , Wwf         , Wwf         , Xu          , Xu          , Xu          , Xu          , 5 Xu        , Xu          , Xu          , Xu          , Xu          , Xu          , Xu          , Xu          , Xu          , Xu          , Xu          , Xu          , Xu          , Xu          , Xu          , Xu          , Xu          , Xu          , Xu          , Xu          , Xu          , Xu          , Xu          , 8 Wwf       , Wwf         , Gs^Fp       , Gg          , Wwf         , Wwf         , Wwf         , Wwf         , Wwf         , Xu          
Xu          , Wwf         , Wwf         , Wwf         , Wwf         , Wwf         , Wwf         , Wwf         , Xu          , Xu          , Xu          , Xu          , Xu          , 6 Xu        , Xu          , Xu          , 3 Xu        , Xu          , Xu          , Xu          , Xu          , Xu          , Xu          , Xu          , Xu          , Xu          , Xu          , Xu          , Xu          , Xu          , 4 Xu        , Xu          , Xu          , Xu          , Xu          , Xu          , Xu          , Xu          , Xu          , Wwf         , Wwf         , Wwf         , Wwf         , Wwf         , Wwf         , Wwf         , Xu          
Xu          , Xu          , Xu          , Wwf         , Xu          , Xu          , Xu          , Xu          , Xu          , Xu          , Xu          , Xu          , Xu          , Xu          , Xu          , Xu          , Xu          , Xu          , Xu          , Xu          , Xu          , Xu          , Xu          , Xu          , Xu          , Xu          , Xu          , Xu          , Xu          , Xu          , Xu          , Xu          , Xu          , Xu          , Xu          , Xu          , Xu          , Xu          , Xu          , Xu          , Xu          , Xu          , Xu          , Wwf         , Xu          , Xu          , Xu          
Xu          , Xu          , Xu          , Xu          , Xu          , Xu          , Xu          , Xu          , Xu          , Xu          , Xu          , Xu          , Xu          , Xu          , Xu          , Xu          , Xu          , Xu          , Xu          , Xu          , Xu          , Xu          , Xu          , Xu          , Xu          , Xu          , Xu          , Xu          , Xu          , Xu          , Xu          , Xu          , Xu          , Xu          , Xu          , Xu          , Xu          , Xu          , Xu          , Xu          , Xu          , Xu          , Xu          , Xu          , Xu          , Xu          , Xu          
Xu          , Xu          , Xu          , Xu          , Xu          , Xu          , Xu          , Xu          , Xu          , Xu          , Xu          , Xu          , Xu          , Xu          , Xu          , Xu          , Xu          , Xu          , Xu          , Xu          , Xu          , Xu          , Xu          , Xu          , Xu          , Xu          , Xu          , Xu          , Xu          , Xu          , Xu          , Xu          , Xu          , Xu          , Xu          , Xu          , Xu          , Xu          , Xu          , Xu          , Xu          , Xu          , Xu          , Xu          , Xu          , Xu          , Xu          
